// Jest Snapshot v1, https://goo.gl/fbAQLP

exports[`components/container/Repository Repository should render correctly 1`] = `
<div>
  <div
    className="navigator"
  >
    <div
      className="content"
    >
      <a
        className="icon"
        href="/"
        onClick={[Function]}
      >
        <svg
          aria-hidden="true"
          fill="white"
          height="32"
          version="1.1"
          viewBox="0 0 16 16"
          width="32"
        >
          <path
            d="M8 0C3.58 0 0 3.58 0 8c0 3.54 2.29 6.53 5.47 7.59.4.07.55-.17.55-.38 0-.19-.01-.82-.01-1.49-2.01.37-2.53-.49-2.69-.94-.09-.23-.48-.94-.82-1.13-.28-.15-.68-.52-.01-.53.63-.01 1.08.58 1.23.82.72 1.21 1.87.87 2.33.66.07-.52.28-.87.51-1.07-1.78-.2-3.64-.89-3.64-3.95 0-.87.31-1.59.82-2.15-.08-.2-.36-1.02.08-2.12 0 0 .67-.21 2.2.82.64-.18 1.32-.27 2-.27.68 0 1.36.09 2 .27 1.53-1.04 2.2-.82 2.2-.82.44 1.1.16 1.92.08 2.12.51.56.82 1.27.82 2.15 0 3.07-1.87 3.75-3.65 3.95.29.25.54.73.54 1.48 0 1.07-.01 1.93-.01 2.2 0 .21.15.46.55.38A8.013 8.013 0 0 0 16 8c0-4.42-3.58-8-8-8z"
            fillRule="evenodd"
          />
        </svg>
      </a>
      <div
        className="search"
      >
        <div>
          <input
            className="text-input text-input-sm text-input-dark"
            onChange={[Function]}
            onKeyPress={[Function]}
            placeholder="Search Github"
            type="text"
            value=""
          />
        </div>
      </div>
      <div
        className="navigation-items"
      >
        <a>
          Pull Requests
        </a>
        <a>
          Issues
        </a>
        <a>
          Marketplace
        </a>
        <a>
          Gist
        </a>
      </div>
    </div>
  </div>
  <div
    className="tabs"
  >
    <div
      className="tabs-main"
    >
      <a
        className="tab tab-selected"
      >
        Repositories
        <span>
          48K
        </span>
      </a>
      <a
        className="tab"
      >
        Code
        <span>
          3M
        </span>
      </a>
      <a
        className="tab"
      >
        Commits
        <span>
          622K
        </span>
      </a>
      <a
        className="tab"
      >
        Issues
        <span>
          169K
        </span>
      </a>
      <a
        className="tab"
      >
        Wikis
        <span>
          10K
        </span>
      </a>
      <a
        className="tab"
      >
        Users
        <span>
          207
        </span>
      </a>
    </div>
  </div>
  <div
    className="repositories-main"
  >
    <div
      className="list"
    />
    <div
      className="languages"
    >
      <dl>
        <dt>
          Languages
        </dt>
        <dd>
          <span
            className="language"
          >
            Javascript
          </span>
          <span
            className="count"
          >
            37524
          </span>
        </dd>
        <dd>
          <span
            className="language"
          >
            CSS
          </span>
          <span
            className="count"
          >
            2021
          </span>
        </dd>
        <dd>
          <span
            className="language"
          >
            Typescript
          </span>
          <span
            className="count"
          >
            1838
          </span>
        </dd>
        <dd>
          <span
            className="language"
          >
            HTML
          </span>
          <span
            className="count"
          >
            1192
          </span>
        </dd>
        <dd>
          <span
            className="language"
          >
            Vue
          </span>
          <span
            className="count"
          >
            792
          </span>
        </dd>
        <dd>
          <span
            className="language"
          >
            Ruby
          </span>
          <span
            className="count"
          >
            487
          </span>
        </dd>
        <dd>
          <span
            className="language"
          >
            PHP
          </span>
          <span
            className="count"
          >
            207
          </span>
        </dd>
        <dd>
          <span
            className="language"
          >
            C#
          </span>
          <span
            className="count"
          >
            133
          </span>
        </dd>
        <dd>
          <span
            className="language"
          >
            CoffeeScript
          </span>
          <span
            className="count"
          >
            133
          </span>
        </dd>
        <dd>
          <span
            className="language"
          >
            Python
          </span>
          <span
            className="count"
          >
            124
          </span>
        </dd>
      </dl>
    </div>
  </div>
</div>
`;
